
==========================================================================
floorplan final report_tns
--------------------------------------------------------------------------
tns max 0.00

==========================================================================
floorplan final report_wns
--------------------------------------------------------------------------
wns max 0.00

==========================================================================
floorplan final report_worst_slack
--------------------------------------------------------------------------
worst slack max 0.62

==========================================================================
floorplan final report_clock_min_period
--------------------------------------------------------------------------
core_clock period_min = 1.38 fmax = 726.79

==========================================================================
floorplan final report_checks -path_delay min
--------------------------------------------------------------------------
Startpoint: a_d[6][45]$_SDFF_PP0_
            (rising edge-triggered flip-flop clocked by core_clock)
Endpoint: a_d[7][45]$_SDFF_PP0_
          (rising edge-triggered flip-flop clocked by core_clock)
Path Group: core_clock
Path Type: min

Fanout     Cap    Slew   Delay    Time   Description
-----------------------------------------------------------------------------
                  0.00    0.00    0.00   clock core_clock (rise edge)
                          0.00    0.00   clock network delay (ideal)
                  0.00    0.00    0.00 ^ a_d[6][45]$_SDFF_PP0_/CLK (sky130_fd_sc_hd__dfxtp_1)
     1    0.00    0.03    0.28    0.28 ^ a_d[6][45]$_SDFF_PP0_/Q (sky130_fd_sc_hd__dfxtp_1)
                                         a_d[6][45] (net)
                  0.03    0.00    0.28 ^ _2822_/B (sky130_fd_sc_hd__and2b_1)
     1    0.00    0.03    0.10    0.38 ^ _2822_/X (sky130_fd_sc_hd__and2b_1)
                                         _0409_ (net)
                  0.03    0.00    0.38 ^ a_d[7][45]$_SDFF_PP0_/D (sky130_fd_sc_hd__dfxtp_1)
                                  0.38   data arrival time

                  0.00    0.00    0.00   clock core_clock (rise edge)
                          0.00    0.00   clock network delay (ideal)
                          0.00    0.00   clock reconvergence pessimism
                                  0.00 ^ a_d[7][45]$_SDFF_PP0_/CLK (sky130_fd_sc_hd__dfxtp_1)
                         -0.03   -0.03   library hold time
                                 -0.03   data required time
-----------------------------------------------------------------------------
                                 -0.03   data required time
                                 -0.38   data arrival time
-----------------------------------------------------------------------------
                                  0.41   slack (MET)



==========================================================================
floorplan final report_checks -path_delay max
--------------------------------------------------------------------------
Startpoint: cin_r$_SDFF_PP0_
            (rising edge-triggered flip-flop clocked by core_clock)
Endpoint: sum_chunk[0][3]$_SDFF_PP0_
          (rising edge-triggered flip-flop clocked by core_clock)
Path Group: core_clock
Path Type: max

Fanout     Cap    Slew   Delay    Time   Description
-----------------------------------------------------------------------------
                  0.00    0.00    0.00   clock core_clock (rise edge)
                          0.00    0.00   clock network delay (ideal)
                  0.00    0.00    0.00 ^ cin_r$_SDFF_PP0_/CLK (sky130_fd_sc_hd__dfxtp_1)
     2    0.01    0.05    0.30    0.30 v cin_r$_SDFF_PP0_/Q (sky130_fd_sc_hd__dfxtp_1)
                                         cin_r (net)
                  0.05    0.00    0.30 v _3577_/C (sky130_fd_sc_hd__maj3_2)
     6    0.01    0.08    0.34    0.63 v _3577_/X (sky130_fd_sc_hd__maj3_2)
                                         _1841_ (net)
                  0.08    0.00    0.63 v _4344_/B (sky130_fd_sc_hd__and4_1)
     1    0.00    0.04    0.18    0.81 v _4344_/X (sky130_fd_sc_hd__and4_1)
                                         _2043_ (net)
                  0.04    0.00    0.81 v _4350_/B1 (sky130_fd_sc_hd__a2111oi_1)
     1    0.00    0.29    0.33    1.14 ^ _4350_/Y (sky130_fd_sc_hd__a2111oi_1)
                                         _2049_ (net)
                  0.29    0.00    1.14 ^ _4357_/A (sky130_fd_sc_hd__nand3_1)
     1    0.00    0.08    0.10    1.24 v _4357_/Y (sky130_fd_sc_hd__nand3_1)
                                         _1653_ (net)
                  0.08    0.00    1.24 v sum_chunk[0][3]$_SDFF_PP0_/D (sky130_fd_sc_hd__dfxtp_1)
                                  1.24   data arrival time

                  0.00    2.00    2.00   clock core_clock (rise edge)
                          0.00    2.00   clock network delay (ideal)
                          0.00    2.00   clock reconvergence pessimism
                                  2.00 ^ sum_chunk[0][3]$_SDFF_PP0_/CLK (sky130_fd_sc_hd__dfxtp_1)
                         -0.14    1.86   library setup time
                                  1.86   data required time
-----------------------------------------------------------------------------
                                  1.86   data required time
                                 -1.24   data arrival time
-----------------------------------------------------------------------------
                                  0.62   slack (MET)



==========================================================================
floorplan final report_checks -unconstrained
--------------------------------------------------------------------------
Startpoint: cin_r$_SDFF_PP0_
            (rising edge-triggered flip-flop clocked by core_clock)
Endpoint: sum_chunk[0][3]$_SDFF_PP0_
          (rising edge-triggered flip-flop clocked by core_clock)
Path Group: core_clock
Path Type: max

Fanout     Cap    Slew   Delay    Time   Description
-----------------------------------------------------------------------------
                  0.00    0.00    0.00   clock core_clock (rise edge)
                          0.00    0.00   clock network delay (ideal)
                  0.00    0.00    0.00 ^ cin_r$_SDFF_PP0_/CLK (sky130_fd_sc_hd__dfxtp_1)
     2    0.01    0.05    0.30    0.30 v cin_r$_SDFF_PP0_/Q (sky130_fd_sc_hd__dfxtp_1)
                                         cin_r (net)
                  0.05    0.00    0.30 v _3577_/C (sky130_fd_sc_hd__maj3_2)
     6    0.01    0.08    0.34    0.63 v _3577_/X (sky130_fd_sc_hd__maj3_2)
                                         _1841_ (net)
                  0.08    0.00    0.63 v _4344_/B (sky130_fd_sc_hd__and4_1)
     1    0.00    0.04    0.18    0.81 v _4344_/X (sky130_fd_sc_hd__and4_1)
                                         _2043_ (net)
                  0.04    0.00    0.81 v _4350_/B1 (sky130_fd_sc_hd__a2111oi_1)
     1    0.00    0.29    0.33    1.14 ^ _4350_/Y (sky130_fd_sc_hd__a2111oi_1)
                                         _2049_ (net)
                  0.29    0.00    1.14 ^ _4357_/A (sky130_fd_sc_hd__nand3_1)
     1    0.00    0.08    0.10    1.24 v _4357_/Y (sky130_fd_sc_hd__nand3_1)
                                         _1653_ (net)
                  0.08    0.00    1.24 v sum_chunk[0][3]$_SDFF_PP0_/D (sky130_fd_sc_hd__dfxtp_1)
                                  1.24   data arrival time

                  0.00    2.00    2.00   clock core_clock (rise edge)
                          0.00    2.00   clock network delay (ideal)
                          0.00    2.00   clock reconvergence pessimism
                                  2.00 ^ sum_chunk[0][3]$_SDFF_PP0_/CLK (sky130_fd_sc_hd__dfxtp_1)
                         -0.14    1.86   library setup time
                                  1.86   data required time
-----------------------------------------------------------------------------
                                  1.86   data required time
                                 -1.24   data arrival time
-----------------------------------------------------------------------------
                                  0.62   slack (MET)



==========================================================================
floorplan final report_power
--------------------------------------------------------------------------
Group                  Internal  Switching    Leakage      Total
                          Power      Power      Power      Power (Watts)
----------------------------------------------------------------
Sequential             3.53e-02   6.83e-05   1.39e-08   3.54e-02  97.5%
Combinational          4.48e-04   4.67e-04   6.81e-09   9.16e-04   2.5%
Clock                  0.00e+00   0.00e+00   0.00e+00   0.00e+00   0.0%
Macro                  0.00e+00   0.00e+00   0.00e+00   0.00e+00   0.0%
Pad                    0.00e+00   0.00e+00   0.00e+00   0.00e+00   0.0%
----------------------------------------------------------------
Total                  3.58e-02   5.36e-04   2.07e-08   3.63e-02 100.0%
                          98.5%       1.5%       0.0%
