
==========================================================================
resizer report_tns
--------------------------------------------------------------------------
tns max 0.00

==========================================================================
resizer report_wns
--------------------------------------------------------------------------
wns max 0.00

==========================================================================
resizer report_worst_slack
--------------------------------------------------------------------------
worst slack max 0.52

==========================================================================
resizer report_clock_min_period
--------------------------------------------------------------------------
core_clock period_min = 1.48 fmax = 674.81

==========================================================================
resizer report_checks -path_delay min
--------------------------------------------------------------------------
Startpoint: b_d[6][43]$_SDFF_PP0_
            (rising edge-triggered flip-flop clocked by core_clock)
Endpoint: b_d[7][43]$_SDFF_PP0_
          (rising edge-triggered flip-flop clocked by core_clock)
Path Group: core_clock
Path Type: min

Fanout     Cap    Slew   Delay    Time   Description
-----------------------------------------------------------------------------
                  0.00    0.00    0.00   clock core_clock (rise edge)
                          0.00    0.00   clock network delay (ideal)
                  0.00    0.00    0.00 ^ b_d[6][43]$_SDFF_PP0_/CLK (sky130_fd_sc_hd__dfxtp_1)
     1    0.00    0.03    0.28    0.28 ^ b_d[6][43]$_SDFF_PP0_/Q (sky130_fd_sc_hd__dfxtp_1)
                                         b_d[6][43] (net)
                  0.03    0.00    0.28 ^ _3423_/B (sky130_fd_sc_hd__and2b_1)
     1    0.00    0.04    0.10    0.38 ^ _3423_/X (sky130_fd_sc_hd__and2b_1)
                                         _0951_ (net)
                  0.04    0.00    0.38 ^ b_d[7][43]$_SDFF_PP0_/D (sky130_fd_sc_hd__dfxtp_1)
                                  0.38   data arrival time

                  0.00    0.00    0.00   clock core_clock (rise edge)
                          0.00    0.00   clock network delay (ideal)
                          0.00    0.00   clock reconvergence pessimism
                                  0.00 ^ b_d[7][43]$_SDFF_PP0_/CLK (sky130_fd_sc_hd__dfxtp_1)
                         -0.04   -0.04   library hold time
                                 -0.04   data required time
-----------------------------------------------------------------------------
                                 -0.04   data required time
                                 -0.38   data arrival time
-----------------------------------------------------------------------------
                                  0.42   slack (MET)



==========================================================================
resizer report_checks -path_delay max
--------------------------------------------------------------------------
Startpoint: carry[0]$_SDFF_PP0_
            (rising edge-triggered flip-flop clocked by core_clock)
Endpoint: sum_chunk[1][3]$_SDFF_PP0_
          (rising edge-triggered flip-flop clocked by core_clock)
Path Group: core_clock
Path Type: max

Fanout     Cap    Slew   Delay    Time   Description
-----------------------------------------------------------------------------
                  0.00    0.00    0.00   clock core_clock (rise edge)
                          0.00    0.00   clock network delay (ideal)
                  0.00    0.00    0.00 ^ carry[0]$_SDFF_PP0_/CLK (sky130_fd_sc_hd__dfxtp_1)
     2    0.01    0.05    0.30    0.30 v carry[0]$_SDFF_PP0_/Q (sky130_fd_sc_hd__dfxtp_1)
                                         carry[0][0] (net)
                  0.05    0.00    0.30 v _3642_/C (sky130_fd_sc_hd__maj3_2)
     6    0.02    0.09    0.35    0.65 v _3642_/X (sky130_fd_sc_hd__maj3_2)
                                         _1899_ (net)
                  0.09    0.00    0.65 v _4522_/B (sky130_fd_sc_hd__and4_1)
     1    0.00    0.04    0.19    0.84 v _4522_/X (sky130_fd_sc_hd__and4_1)
                                         _2193_ (net)
                  0.04    0.00    0.84 v _4527_/B1 (sky130_fd_sc_hd__a2111oi_1)
     1    0.00    0.37    0.39    1.23 ^ _4527_/Y (sky130_fd_sc_hd__a2111oi_1)
                                         _2198_ (net)
                  0.37    0.00    1.23 ^ _4531_/A (sky130_fd_sc_hd__nand3_1)
     1    0.00    0.10    0.11    1.34 v _4531_/Y (sky130_fd_sc_hd__nand3_1)
                                         _1681_ (net)
                  0.10    0.00    1.34 v sum_chunk[1][3]$_SDFF_PP0_/D (sky130_fd_sc_hd__dfxtp_1)
                                  1.34   data arrival time

                  0.00    2.00    2.00   clock core_clock (rise edge)
                          0.00    2.00   clock network delay (ideal)
                          0.00    2.00   clock reconvergence pessimism
                                  2.00 ^ sum_chunk[1][3]$_SDFF_PP0_/CLK (sky130_fd_sc_hd__dfxtp_1)
                         -0.14    1.86   library setup time
                                  1.86   data required time
-----------------------------------------------------------------------------
                                  1.86   data required time
                                 -1.34   data arrival time
-----------------------------------------------------------------------------
                                  0.52   slack (MET)



==========================================================================
resizer report_checks -unconstrained
--------------------------------------------------------------------------
Startpoint: carry[0]$_SDFF_PP0_
            (rising edge-triggered flip-flop clocked by core_clock)
Endpoint: sum_chunk[1][3]$_SDFF_PP0_
          (rising edge-triggered flip-flop clocked by core_clock)
Path Group: core_clock
Path Type: max

Fanout     Cap    Slew   Delay    Time   Description
-----------------------------------------------------------------------------
                  0.00    0.00    0.00   clock core_clock (rise edge)
                          0.00    0.00   clock network delay (ideal)
                  0.00    0.00    0.00 ^ carry[0]$_SDFF_PP0_/CLK (sky130_fd_sc_hd__dfxtp_1)
     2    0.01    0.05    0.30    0.30 v carry[0]$_SDFF_PP0_/Q (sky130_fd_sc_hd__dfxtp_1)
                                         carry[0][0] (net)
                  0.05    0.00    0.30 v _3642_/C (sky130_fd_sc_hd__maj3_2)
     6    0.02    0.09    0.35    0.65 v _3642_/X (sky130_fd_sc_hd__maj3_2)
                                         _1899_ (net)
                  0.09    0.00    0.65 v _4522_/B (sky130_fd_sc_hd__and4_1)
     1    0.00    0.04    0.19    0.84 v _4522_/X (sky130_fd_sc_hd__and4_1)
                                         _2193_ (net)
                  0.04    0.00    0.84 v _4527_/B1 (sky130_fd_sc_hd__a2111oi_1)
     1    0.00    0.37    0.39    1.23 ^ _4527_/Y (sky130_fd_sc_hd__a2111oi_1)
                                         _2198_ (net)
                  0.37    0.00    1.23 ^ _4531_/A (sky130_fd_sc_hd__nand3_1)
     1    0.00    0.10    0.11    1.34 v _4531_/Y (sky130_fd_sc_hd__nand3_1)
                                         _1681_ (net)
                  0.10    0.00    1.34 v sum_chunk[1][3]$_SDFF_PP0_/D (sky130_fd_sc_hd__dfxtp_1)
                                  1.34   data arrival time

                  0.00    2.00    2.00   clock core_clock (rise edge)
                          0.00    2.00   clock network delay (ideal)
                          0.00    2.00   clock reconvergence pessimism
                                  2.00 ^ sum_chunk[1][3]$_SDFF_PP0_/CLK (sky130_fd_sc_hd__dfxtp_1)
                         -0.14    1.86   library setup time
                                  1.86   data required time
-----------------------------------------------------------------------------
                                  1.86   data required time
                                 -1.34   data arrival time
-----------------------------------------------------------------------------
                                  0.52   slack (MET)



==========================================================================
resizer report_check_types -max_slew -max_cap -max_fanout -violators
--------------------------------------------------------------------------

==========================================================================
resizer max_slew_check_slack
--------------------------------------------------------------------------
0.5895830988883972

==========================================================================
resizer max_slew_check_limit
--------------------------------------------------------------------------
1.5

==========================================================================
resizer max_slew_check_slack_limit
--------------------------------------------------------------------------
0.3931

==========================================================================
resizer max_fanout_check_slack
--------------------------------------------------------------------------
1.0000000150474662e+30

==========================================================================
resizer max_fanout_check_limit
--------------------------------------------------------------------------
1.0000000150474662e+30

==========================================================================
resizer max_capacitance_check_slack
--------------------------------------------------------------------------
0.0269303135573864

==========================================================================
resizer max_capacitance_check_limit
--------------------------------------------------------------------------
0.031137999147176743

==========================================================================
resizer max_capacitance_check_slack_limit
--------------------------------------------------------------------------
0.8649

==========================================================================
resizer max_slew_violation_count
--------------------------------------------------------------------------
max slew violation count 0

==========================================================================
resizer max_fanout_violation_count
--------------------------------------------------------------------------
max fanout violation count 0

==========================================================================
resizer max_cap_violation_count
--------------------------------------------------------------------------
max cap violation count 0

==========================================================================
resizer setup_violation_count
--------------------------------------------------------------------------
setup violation count 0

==========================================================================
resizer hold_violation_count
--------------------------------------------------------------------------
hold violation count 0

==========================================================================
resizer report_checks -path_delay max reg to reg
--------------------------------------------------------------------------
Startpoint: carry[0]$_SDFF_PP0_
            (rising edge-triggered flip-flop clocked by core_clock)
Endpoint: sum_chunk[1][3]$_SDFF_PP0_
          (rising edge-triggered flip-flop clocked by core_clock)
Path Group: core_clock
Path Type: max

  Delay    Time   Description
---------------------------------------------------------
   0.00    0.00   clock core_clock (rise edge)
   0.00    0.00   clock network delay (ideal)
   0.00    0.00 ^ carry[0]$_SDFF_PP0_/CLK (sky130_fd_sc_hd__dfxtp_1)
   0.30    0.30 v carry[0]$_SDFF_PP0_/Q (sky130_fd_sc_hd__dfxtp_1)
   0.35    0.65 v _3642_/X (sky130_fd_sc_hd__maj3_2)
   0.19    0.84 v _4522_/X (sky130_fd_sc_hd__and4_1)
   0.39    1.23 ^ _4527_/Y (sky130_fd_sc_hd__a2111oi_1)
   0.11    1.34 v _4531_/Y (sky130_fd_sc_hd__nand3_1)
   0.00    1.34 v sum_chunk[1][3]$_SDFF_PP0_/D (sky130_fd_sc_hd__dfxtp_1)
           1.34   data arrival time

   2.00    2.00   clock core_clock (rise edge)
   0.00    2.00   clock network delay (ideal)
   0.00    2.00   clock reconvergence pessimism
           2.00 ^ sum_chunk[1][3]$_SDFF_PP0_/CLK (sky130_fd_sc_hd__dfxtp_1)
  -0.14    1.86   library setup time
           1.86   data required time
---------------------------------------------------------
           1.86   data required time
          -1.34   data arrival time
---------------------------------------------------------
           0.52   slack (MET)



==========================================================================
resizer report_checks -path_delay min reg to reg
--------------------------------------------------------------------------
Startpoint: b_d[6][43]$_SDFF_PP0_
            (rising edge-triggered flip-flop clocked by core_clock)
Endpoint: b_d[7][43]$_SDFF_PP0_
          (rising edge-triggered flip-flop clocked by core_clock)
Path Group: core_clock
Path Type: min

  Delay    Time   Description
---------------------------------------------------------
   0.00    0.00   clock core_clock (rise edge)
   0.00    0.00   clock network delay (ideal)
   0.00    0.00 ^ b_d[6][43]$_SDFF_PP0_/CLK (sky130_fd_sc_hd__dfxtp_1)
   0.28    0.28 ^ b_d[6][43]$_SDFF_PP0_/Q (sky130_fd_sc_hd__dfxtp_1)
   0.10    0.38 ^ _3423_/X (sky130_fd_sc_hd__and2b_1)
   0.00    0.38 ^ b_d[7][43]$_SDFF_PP0_/D (sky130_fd_sc_hd__dfxtp_1)
           0.38   data arrival time

   0.00    0.00   clock core_clock (rise edge)
   0.00    0.00   clock network delay (ideal)
   0.00    0.00   clock reconvergence pessimism
           0.00 ^ b_d[7][43]$_SDFF_PP0_/CLK (sky130_fd_sc_hd__dfxtp_1)
  -0.04   -0.04   library hold time
          -0.04   data required time
---------------------------------------------------------
          -0.04   data required time
          -0.38   data arrival time
---------------------------------------------------------
           0.42   slack (MET)



==========================================================================
resizer critical path target clock latency max path
--------------------------------------------------------------------------
0

==========================================================================
resizer critical path target clock latency min path
--------------------------------------------------------------------------
0

==========================================================================
resizer critical path source clock latency min path
--------------------------------------------------------------------------
0

==========================================================================
resizer critical path delay
--------------------------------------------------------------------------
1.3385

==========================================================================
resizer critical path slack
--------------------------------------------------------------------------
0.5181

==========================================================================
resizer slack div critical path delay
--------------------------------------------------------------------------
38.707508

==========================================================================
resizer report_power
--------------------------------------------------------------------------
Group                  Internal  Switching    Leakage      Total
                          Power      Power      Power      Power (Watts)
----------------------------------------------------------------
Sequential             3.53e-02   1.16e-04   1.39e-08   3.54e-02  96.3%
Combinational          5.91e-04   7.55e-04   7.25e-09   1.35e-03   3.7%
Clock                  0.00e+00   0.00e+00   0.00e+00   0.00e+00   0.0%
Macro                  0.00e+00   0.00e+00   0.00e+00   0.00e+00   0.0%
Pad                    0.00e+00   0.00e+00   0.00e+00   0.00e+00   0.0%
----------------------------------------------------------------
Total                  3.59e-02   8.71e-04   2.11e-08   3.68e-02 100.0%
                          97.6%       2.4%       0.0%
